row 38 headers: []
row 51 headers: []
row 69 headers: []
row 112 headers: []
row 234 headers: []
row 588 headers: []
